// Jest Snapshot v1, https://goo.gl/fbAQLP

exports[`authenticate/mutations setData should set data 1`] = `
Object {
  "role": 1,
  "success": true,
  "token": "token",
}
`;

exports[`authenticate/mutations setError should set error 1`] = `
Object {
  "message": "message",
  "name": "name",
}
`;
