// Jest Snapshot v1, https://goo.gl/fbAQLP

exports[`createAuthenticateState should not change unexpected 1`] = `
Object {
  "data": undefined,
  "error": undefined,
  "isLoading": false,
}
`;
